Installed 13 packages in 13ms
  1    213ms  3063tok ask_cost         conf 0.67  'cost?'
  2    236ms  3068tok ask_why_failed   conf 0.99  'why did client-commands fail'
  3    275ms  3068tok ask_why_failed   conf 1.00  'why did token-crypto fail'
  4    235ms  3064tok ask_main_green   conf 0.99  'is main green'
  5    243ms  3066tok ask_main_green   conf 0.93  'did the merges pass ci'
  6    260ms  3064tok ask_needs_me     conf 0.98  'what needs me'
  7    228ms  3066tok ask_needs_me     conf 0.95  'anything waiting on me?'
  8    237ms  3065tok ask_alive        conf 1.00  'is the agent alive'
  9    232ms  3067tok ask_alive        conf 0.98  'is http-app still doing anything'
 10    251ms  3067tok ask_cost         conf 0.99  'how much have we spent today'
 11    262ms  3067tok open_run         conf 0.79  'spend on live01'
 12    263ms  3065tok ask_cost         conf 0.88  'total cost this week'
 13    238ms  3065tok open_run         conf 0.96  'open live01'
 14    220ms  3067tok open_run         conf 0.94  '8d80e8'
 15    263ms  3066tok open_run         conf 0.98  'show me the live run'
 16    241ms  3063tok open_component   conf 0.75  'http-app'
 17    258ms  3064tok open_component   conf 0.96  'go to storage'
 18    226ms  3064tok open_decisions   conf 0.91  'decisions'
 19    234ms  3063tok open_decisions   conf 0.43  'inbox'
 20    228ms  3064tok open_failures    conf 0.98  'failures'
 21    256ms  3063tok ask_why_failed   conf 0.75  'what failed'
 22    229ms  3062tok open_delivery    conf 0.98  'delivery'
 23    217ms  3062tok ci_poll          conf 0.47  'ci'
 24    255ms  3063tok open_serve       conf 0.86  'serve queue'
 25    233ms  3064tok open_decisions   conf 0.62  'whats queued'
 26    207ms  3062tok open_config      conf 0.93  'config'
 27    313ms  3066tok ask_cost         conf 0.96  'what is the cost cap'
 28    252ms  3062tok open_learning    conf 0.94  'learning'
 29    206ms  3066tok open_learning    conf 0.96  'recurring failure patterns'
 30    239ms  3062tok open_history     conf 0.82  'history'
 31    236ms  3063tok open_history     conf 0.99  'past runs'
 32    273ms  3066tok decide           conf 0.98  'approve client-commands'
 33    234ms  3066tok decide           conf 1.00  'approve and merge comp-c'
 34    212ms  3068tok decide           conf 0.97  "approve only, don't run anything"
 35    227ms  3064tok decide           conf 1.00  'reject comp-c'
 36    252ms  3068tok decide           conf 0.99  'send comp-c back to the engineer'
 37    339ms  3064tok snooze           conf 0.74  'decide later'
 38    300ms  3066tok retry            conf 0.98  'retry client-commands'
 39    265ms  3067tok retry            conf 0.96  'rerun token-crypto'
 40    231ms  3062tok retry            conf 0.96  'retry'
 41    236ms  3070tok snooze           conf 0.99  'snooze the merge gate for a day'
 42    231ms  3068tok snooze           conf 1.00  'hide the halted run for a week'
 43    224ms  3068tok start_factory    conf 1.00  'start a factory run from spec.md'
 44    247ms  3068tok start_factory    conf 0.56  'run the factory on slice 4'
 45    240ms  3065tok stop_run         conf 1.00  'stop live01'
 46    219ms  3064tok stop_run         conf 0.99  'kill the run'
 47    260ms  3063tok serve_control    conf 1.00  'pause serve'
 48    209ms  3064tok serve_control    conf 0.98  'resume the queue'
 49    281ms  3064tok ci_poll          conf 0.99  'poll ci now'
 50    236ms  3065tok ci_poll          conf 0.93  'refresh the ci state'
 51    262ms  3063tok toggle_theme     conf 0.98  'dark mode'
 52    226ms  3064tok toggle_theme     conf 1.00  'switch to light'
 53    251ms  3072tok make_view        conf 1.00  'show me failed components this week by cost as a timeline'
 54    235ms  3068tok make_view        conf 1.00  'cost per run as a sparkline'
 55    220ms  3066tok make_view        conf 1.00  'board of components by state'
 56    268ms  3066tok make_view        conf 1.00  'table of findings by severity'
 57    233ms  3068tok make_view        conf 0.75  "timeline of live01's phases"
 58    275ms  3066tok make_view        conf 0.79  'tokens over the last month'
 59    268ms  3071tok make_view        conf 0.25  'a meter of spend against the cap, dock it'
 60    239ms  3066tok make_view        conf 0.99  'list runs sorted by cost'
 61    258ms  3068tok make_view        conf 1.00  'graph of the components and their dependencies'
 62    224ms  3071tok make_view        conf 0.89  'how many runs failed this month, just the number'
 63    252ms  3065tok make_view        conf 0.67  'diff for comp-c'
 64    230ms  3067tok make_view        conf 0.98  'findings by phase, floating'
 65    209ms  3068tok open_delivery    conf 0.47  'ci state per merge as a list'
 66    207ms  3065tok make_view        conf 0.90  'queue as a board'
 67    228ms  3071tok make_view        conf 0.99  'running components only, as a list, newest first'
 68    231ms  3065tok no_match         conf 0.98  "what's the weather"
 69    249ms  3062tok no_match         conf 0.65  'hello'
 70    244ms  3063tok no_match         conf 0.94  'delete everything'
 71    242ms  3067tok no_match         conf 0.98  'write me a poem about merges'
 72    248ms  3065tok no_match         conf 0.64  'git push origin main'
 73    213ms  3063tok no_match         conf 0.85  'asdfgh'
 74    266ms  3070tok no_match         conf 0.96  'how do I install kstrl on windows'
 75    242ms  3067tok no_match         conf 0.93  'email the report to the team'
 76    208ms  3067tok retry            conf 0.95  'retyr client-comands'
 77    227ms  3065tok decide           conf 0.99  'aprove the merge'
 78    267ms  3067tok open_run         conf 0.32  'cst of live01'
 79    211ms  3064tok open_failures    conf 0.97  'opne failures'
 80    249ms  3063tok open_component   conf 0.76  'comp-c'
 81    213ms  3062tok open_decisions   conf 0.27  'merge'
 82    256ms  3062tok ask_why_failed   conf 0.45  'why'
 83    224ms  3062tok start_factory    conf 0.32  'run'
  1    297ms  3063tok ask_cost         conf 0.74  'cost?'
  2    536ms  3068tok ask_why_failed   conf 1.00  'why did client-commands fail'
  3    265ms  3068tok ask_why_failed   conf 0.99  'why did token-crypto fail'
  4    265ms  3064tok ask_main_green   conf 0.99  'is main green'
  5    251ms  3066tok ask_main_green   conf 0.92  'did the merges pass ci'
  6    279ms  3064tok ask_needs_me     conf 0.98  'what needs me'
  7    239ms  3066tok ask_needs_me     conf 0.94  'anything waiting on me?'
  8    208ms  3065tok ask_alive        conf 1.00  'is the agent alive'
  9    238ms  3067tok ask_alive        conf 0.98  'is http-app still doing anything'
 10    253ms  3067tok ask_cost         conf 0.99  'how much have we spent today'
 11    268ms  3067tok open_run         conf 0.84  'spend on live01'
 12    232ms  3065tok ask_cost         conf 0.91  'total cost this week'
 13    256ms  3065tok open_run         conf 0.91  'open live01'
 14    259ms  3067tok open_run         conf 0.94  '8d80e8'
 15    233ms  3066tok open_run         conf 0.97  'show me the live run'
 16    290ms  3063tok open_component   conf 0.67  'http-app'
 17    280ms  3064tok open_component   conf 0.96  'go to storage'
 18    227ms  3064tok open_decisions   conf 0.92  'decisions'
 19    241ms  3063tok open_decisions   conf 0.44  'inbox'
 20    233ms  3064tok open_failures    conf 0.97  'failures'
 21    256ms  3063tok ask_why_failed   conf 0.71  'what failed'
 22    293ms  3062tok open_delivery    conf 0.98  'delivery'
 23    270ms  3062tok ci_poll          conf 0.52  'ci'
 24    251ms  3063tok open_serve       conf 0.83  'serve queue'
 25    260ms  3064tok open_decisions   conf 0.59  'whats queued'
 26    259ms  3062tok open_config      conf 0.92  'config'
 27    302ms  3066tok ask_cost         conf 0.97  'what is the cost cap'
 28    243ms  3062tok open_learning    conf 0.94  'learning'
 29    213ms  3066tok open_learning    conf 0.98  'recurring failure patterns'
 30    235ms  3062tok open_history     conf 0.82  'history'
 31    251ms  3063tok open_history     conf 0.99  'past runs'
 32    246ms  3066tok decide           conf 0.98  'approve client-commands'
 33    236ms  3066tok decide           conf 1.00  'approve and merge comp-c'
 34    226ms  3068tok decide           conf 0.97  "approve only, don't run anything"
 35    279ms  3064tok decide           conf 1.00  'reject comp-c'
 36    222ms  3068tok decide           conf 0.99  'send comp-c back to the engineer'
 37    249ms  3064tok snooze           conf 0.72  'decide later'
 38    245ms  3066tok retry            conf 0.99  'retry client-commands'
 39    220ms  3067tok retry            conf 0.97  'rerun token-crypto'
 40    272ms  3062tok retry            conf 0.97  'retry'
 41    238ms  3070tok snooze           conf 0.99  'snooze the merge gate for a day'
 42    218ms  3068tok snooze           conf 1.00  'hide the halted run for a week'
 43    213ms  3068tok start_factory    conf 0.99  'start a factory run from spec.md'
 44    242ms  3068tok start_factory    conf 0.60  'run the factory on slice 4'
 45    271ms  3065tok stop_run         conf 1.00  'stop live01'
 46    266ms  3064tok stop_run         conf 0.99  'kill the run'
 47    218ms  3063tok serve_control    conf 1.00  'pause serve'
 48    277ms  3064tok serve_control    conf 0.97  'resume the queue'
 49    221ms  3064tok ci_poll          conf 0.99  'poll ci now'
 50    272ms  3065tok ci_poll          conf 0.95  'refresh the ci state'
 51    215ms  3063tok toggle_theme     conf 0.97  'dark mode'
 52    238ms  3064tok toggle_theme     conf 1.00  'switch to light'
 53    221ms  3072tok make_view        conf 1.00  'show me failed components this week by cost as a timeline'
 54    234ms  3068tok make_view        conf 1.00  'cost per run as a sparkline'
 55    263ms  3066tok make_view        conf 1.00  'board of components by state'
 56    215ms  3066tok make_view        conf 1.00  'table of findings by severity'
 57    258ms  3068tok make_view        conf 0.78  "timeline of live01's phases"
 58    209ms  3066tok make_view        conf 0.76  'tokens over the last month'
 59    226ms  3071tok ask_cost         conf 0.21  'a meter of spend against the cap, dock it'
 60    259ms  3066tok make_view        conf 1.00  'list runs sorted by cost'
 61    263ms  3068tok make_view        conf 1.00  'graph of the components and their dependencies'
 62    219ms  3071tok make_view        conf 0.88  'how many runs failed this month, just the number'
 63    232ms  3065tok make_view        conf 0.69  'diff for comp-c'
 64    218ms  3067tok make_view        conf 0.98  'findings by phase, floating'
 65    274ms  3068tok open_delivery    conf 0.48  'ci state per merge as a list'
 66    247ms  3065tok make_view        conf 0.90  'queue as a board'
 67    237ms  3071tok make_view        conf 0.99  'running components only, as a list, newest first'
 68    233ms  3065tok no_match         conf 0.98  "what's the weather"
 69    214ms  3062tok no_match         conf 0.60  'hello'
 70    265ms  3063tok no_match         conf 0.95  'delete everything'
 71    256ms  3067tok no_match         conf 0.98  'write me a poem about merges'
 72    229ms  3065tok no_match         conf 0.57  'git push origin main'
 73    215ms  3063tok no_match         conf 0.87  'asdfgh'
 74    292ms  3070tok no_match         conf 0.94  'how do I install kstrl on windows'
 75    242ms  3067tok no_match         conf 0.93  'email the report to the team'
 76    264ms  3067tok retry            conf 0.95  'retyr client-comands'
 77    216ms  3065tok decide           conf 0.99  'aprove the merge'
 78    216ms  3067tok ask_cost         conf 0.36  'cst of live01'
 79    281ms  3064tok open_failures    conf 0.98  'opne failures'
 80    255ms  3063tok open_component   conf 0.75  'comp-c'
 81    245ms  3062tok decide           conf 0.25  'merge'
 82    253ms  3062tok ask_why_failed   conf 0.51  'why'
 83    265ms  3062tok start_factory    conf 0.33  'run'
